{
  "version": "1.5.0",
  "plugins_used": [
    {
      "name": "ArtifactoryDetector"
    },
    {
      "name": "AWSKeyDetector"
    },
    {
      "name": "AzureStorageKeyDetector"
    },
    {
      "name": "Base64HighEntropyString",
      "limit": 4.5
    },
    {
      "name": "BasicAuthDetector"
    },
    {
      "name": "CloudantDetector"
    },
    {
      "name": "DiscordBotTokenDetector"
    },
    {
      "name": "GitHubTokenDetector"
    },
    {
      "name": "GitLabTokenDetector"
    },
    {
      "name": "HexHighEntropyString",
      "limit": 3.0
    },
    {
      "name": "IbmCloudIamDetector"
    },
    {
      "name": "IbmCosHmacDetector"
    },
    {
      "name": "IPPublicDetector"
    },
    {
      "name": "JwtTokenDetector"
    },
    {
      "name": "KeywordDetector",
      "keyword_exclude": ""
    },
    {
      "name": "MailchimpDetector"
    },
    {
      "name": "NpmDetector"
    },
    {
      "name": "OpenAIDetector"
    },
    {
      "name": "PrivateKeyDetector"
    },
    {
      "name": "PypiTokenDetector"
    },
    {
      "name": "SendGridDetector"
    },
    {
      "name": "SlackDetector"
    },
    {
      "name": "SoftlayerDetector"
    },
    {
      "name": "SquareOAuthDetector"
    },
    {
      "name": "StripeDetector"
    },
    {
      "name": "TelegramBotTokenDetector"
    },
    {
      "name": "TwilioKeyDetector"
    }
  ],
  "filters_used": [
    {
      "path": "detect_secrets.filters.allowlist.is_line_allowlisted"
    },
    {
      "path": "detect_secrets.filters.common.is_baseline_file",
      "filename": ".secrets.baseline"
    },
    {
      "path": "detect_secrets.filters.common.is_ignored_due_to_verification_policies",
      "min_level": 2
    },
    {
      "path": "detect_secrets.filters.heuristic.is_indirect_reference"
    },
    {
      "path": "detect_secrets.filters.heuristic.is_likely_id_string"
    },
    {
      "path": "detect_secrets.filters.heuristic.is_lock_file"
    },
    {
      "path": "detect_secrets.filters.heuristic.is_not_alphanumeric_string"
    },
    {
      "path": "detect_secrets.filters.heuristic.is_potential_uuid"
    },
    {
      "path": "detect_secrets.filters.heuristic.is_prefixed_with_dollar_sign"
    },
    {
      "path": "detect_secrets.filters.heuristic.is_sequential_string"
    },
    {
      "path": "detect_secrets.filters.heuristic.is_swagger_file"
    },
    {
      "path": "detect_secrets.filters.heuristic.is_templated_secret"
    }
  ],
  "results": {
    "eval\\bench\\psf-requests-7205.json": [
      {
        "type": "Hex High Entropy String",
        "filename": "eval\\bench\\psf-requests-7205.json",
        "hashed_secret": "c052357d85be891c2a445cfc2b0ace0e33abdc46",
        "is_verified": false,
        "line_number": 6
      },
      {
        "type": "Hex High Entropy String",
        "filename": "eval\\bench\\psf-requests-7205.json",
        "hashed_secret": "87939f7314baaef8a58b8e2c332391fbcdd11373",
        "is_verified": false,
        "line_number": 7
      }
    ],
    "eval\\bench\\psf-requests-7306.json": [
      {
        "type": "Hex High Entropy String",
        "filename": "eval\\bench\\psf-requests-7306.json",
        "hashed_secret": "73f2dd6a9005aeba625b0dabedeb5a3b6c022c2d",
        "is_verified": false,
        "line_number": 6
      },
      {
        "type": "Hex High Entropy String",
        "filename": "eval\\bench\\psf-requests-7306.json",
        "hashed_secret": "fa3dc1db20e0d06415f7e8d62a6df63ba92a5138",
        "is_verified": false,
        "line_number": 7
      }
    ],
    "eval\\bench\\psf-requests-7431.json": [
      {
        "type": "Hex High Entropy String",
        "filename": "eval\\bench\\psf-requests-7431.json",
        "hashed_secret": "20bc06dabfda1b423dbae57e046faf3de17f84c8",
        "is_verified": false,
        "line_number": 6
      },
      {
        "type": "Hex High Entropy String",
        "filename": "eval\\bench\\psf-requests-7431.json",
        "hashed_secret": "4e9ce5a88b82f93fa1d251ca222b9174ba0ca420",
        "is_verified": false,
        "line_number": 7
      }
    ],
    "tests\\test_post.py": [
      {
        "type": "Hex High Entropy String",
        "filename": "tests\\test_post.py",
        "hashed_secret": "33c76f70af66754ca47d19b17da8dc232e125253",
        "is_verified": false,
        "line_number": 104
      }
    ]
  },
  "generated_at": "2026-08-01T16:17:46Z"
}
